<?xml version="1.0" encoding="utf-8"?><testsuites><testsuite name="pytest" errors="0" failures="0" skipped="1" tests="452" time="59.680" timestamp="2022-09-14T12:23:19.509669" hostname="FR-IWL-MCINTOS1"><testcase classname="" name="tests.test_sultan" time="0.000"><skipped message="collection skipped">('/home/mcintos/Code/nova/tests/test_sultan.py', 15, "Skipped: thermohydralic modules not available\n\ntry pip install -e .['thermofluids']")</skipped></testcase><testcase classname="tests.test_basis" name="test_linearsample" time="0.002" /><testcase classname="tests.test_basis" name="test_basis_isabstract" time="0.001" /><testcase classname="tests.test_basis" name="test_bernstein_shape" time="0.001" /><testcase classname="tests.test_basis" name="test_bernstein_sum" time="0.001" /><testcase classname="tests.test_basis" name="test_svd_shape" time="0.001" /><testcase classname="tests.test_basis" name="test_svd_iadd_invariance" time="0.003" /><testcase classname="tests.test_biotframe" name="test_turnturn_square" time="0.082" /><testcase classname="tests.test_biotframe" name="test_turnturn_disc" time="0.047" /><testcase classname="tests.test_biotframe" name="test_turnturn_skin" time="0.051" /><testcase classname="tests.test_biotframe" name="test_framelink_section" time="0.048" /><testcase classname="tests.test_biotframe" name="test_framelink_insert_keyerror" time="0.033" /><testcase classname="tests.test_biotframe" name="test_section_keyerror" time="0.003" /><testcase classname="tests.test_biotframe" name="test_target_shape" time="0.041" /><testcase classname="tests.test_biotframe" name="test_source_shape" time="0.044" /><testcase classname="tests.test_biotframe" name="test_region_not_set_errot" time="0.043" /><testcase classname="tests.test_biotframe" name="test_matrix_shape" time="0.043" /><testcase classname="tests.test_biotoperate" name="test_nturn_hash_update" time="1.637" /><testcase classname="tests.test_biotoperate" name="test_nturn_Psi_update" time="1.276" /><testcase classname="tests.test_biotoperate" name="test_nturn_skip_Psi_update" time="0.355" /><testcase classname="tests.test_biotoperate" name="test_nturn_current_update" time="0.343" /><testcase classname="tests.test_biotoperate" name="test_nturn_skip_current_update" time="0.396" /><testcase classname="tests.test_biotsavart" name="test_biotreduce" time="0.258" /><testcase classname="tests.test_biotsavart" name="test_subframe_lock" time="0.081" /><testcase classname="tests.test_biotsavart" name="test_link_negative_factor" time="0.150" /><testcase classname="tests.test_biotsavart" name="test_random_segment_error" time="0.126" /><testcase classname="tests.test_biotsavart" name="test_ITER_subinductance_matrix[ring]" time="0.502" /><testcase classname="tests.test_biotsavart" name="test_ITER_subinductance_matrix[cylinder]" time="0.488" /><testcase classname="tests.test_biotsavart" name="test_solenoid_grid" time="0.354" /><testcase classname="tests.test_biotsavart" name="test_solenoid_probe[ring]" time="0.352" /><testcase classname="tests.test_biotsavart" name="test_solenoid_probe[cylinder]" time="0.445" /><testcase classname="tests.test_biotsavart" name="test_ring_ring_coil_pair" time="0.407" /><testcase classname="tests.test_biotsavart" name="test_cyliner_cylinder_coil_pair" time="0.604" /><testcase classname="tests.test_biotsavart" name="test_cylinder_ring_coil_pair" time="0.535" /><testcase classname="tests.test_biotsavart" name="test_hemholtz_flux[ring]" time="0.359" /><testcase classname="tests.test_biotsavart" name="test_hemholtz_flux[cylinder]" time="0.382" /><testcase classname="tests.test_biotsavart" name="test_hemholtz_field[ring]" time="0.350" /><testcase classname="tests.test_biotsavart" name="test_hemholtz_field[cylinder]" time="0.369" /><testcase classname="tests.test_biotsavart" name="test_coil_cylinder_isfinite" time="0.494" /><testcase classname="tests.test_coilset" name="test_dpol" time="0.048" /><testcase classname="tests.test_coilset" name="test_dplasma" time="0.050" /><testcase classname="tests.test_coilset" name="test_dshell" time="0.052" /><testcase classname="tests.test_coilset" name="test_dfield" time="0.048" /><testcase classname="tests.test_coilset" name="test_dpol_default" time="0.233" /><testcase classname="tests.test_coilset" name="test_pfcoil" time="0.213" /><testcase classname="tests.test_coilset" name="test_subframe_turn_number" time="0.165" /><testcase classname="tests.test_coilset" name="test_filament_number" time="0.153" /><testcase classname="tests.test_coilset" name="test_square_filament_number" time="0.150" /><testcase classname="tests.test_coilset" name="test_circular_cross_section" time="0.153" /><testcase classname="tests.test_coilset" name="test_rectangular_cross_section" time="0.156" /><testcase classname="tests.test_coilset" name="test_flag_current_update" time="0.332" /><testcase classname="tests.test_coilset" name="test_multipoint_link" time="0.657" /><testcase classname="tests.test_coilset" name="test_shell_cross_section" time="0.173" /><testcase classname="tests.test_coilset" name="test_shell_additional" time="0.166" /><testcase classname="tests.test_coilset" name="test_shell_subshell" time="0.150" /><testcase classname="tests.test_coilset" name="test_shell_turns" time="0.151" /><testcase classname="tests.test_coilset" name="test_shell" time="0.418" /><testcase classname="tests.test_coilset" name="test_aspect_horizontal" time="0.157" /><testcase classname="tests.test_coilset" name="test_aspect_vertical" time="0.157" /><testcase classname="tests.test_coilset" name="test_tile_hex" time="0.174" /><testcase classname="tests.test_coilset" name="test_plasma_single" time="0.150" /><testcase classname="tests.test_coilset" name="test_plasma_hex" time="0.170" /><testcase classname="tests.test_coilset" name="test_coil_multipoint_link" time="0.779" /><testcase classname="tests.test_coilset" name="test_relink" time="0.536" /><testcase classname="tests.test_coilset" name="test_array_format" time="0.289" /><testcase classname="tests.test_coilset" name="test_store_load_poly" time="0.439" /><testcase classname="tests.test_coilset" name="test_store_load_version" time="0.450" /><testcase classname="tests.test_coilset" name="test_plasma_array_attributes" time="0.185" /><testcase classname="tests.test_coilset" name="test_array_views_insert" time="0.260" /><testcase classname="tests.test_coilset" name="test_array_views_insert_subspace" time="0.267" /><testcase classname="tests.test_coilset" name="test_array_views_solve" time="0.428" /><testcase classname="tests.test_coilset" name="test_biot_solve_index_version" time="0.326" /><testcase classname="tests.test_coilset" name="test_biot_solve_no_plasma" time="0.349" /><testcase classname="tests.test_coilset" name="test_biotdata_numpy" time="0.352" /><testcase classname="tests.test_coilset" name="test_biot_link_dataarray_dataset" time="0.842" /><testcase classname="tests.test_coilset" name="test_biot_multiframe_plasma" time="0.834" /><testcase classname="tests.test_coilset" name="test_add_coilset" time="0.751" /><testcase classname="tests.test_coilset" name="test_iadd_coilset" time="0.570" /><testcase classname="tests.test_coilset" name="test_add_clear_biot" time="0.917" /><testcase classname="tests.test_coilset" name="test_iadd_clear_biot" time="0.754" /><testcase classname="tests.test_dataarray" name="test_exclude_internal_metadata" time="0.001" /><testcase classname="tests.test_dataarray" name="test_array_ndarray" time="0.004" /><testcase classname="tests.test_dataarray" name="test_array_getitem" time="0.003" /><testcase classname="tests.test_dataarray" name="test_update_array" time="0.003" /><testcase classname="tests.test_dataarray" name="test_set_slice_on_array_variable" time="0.004" /><testcase classname="tests.test_dataarray" name="test_warn_set_slice_on_frame" time="0.005" /><testcase classname="tests.test_dataarray" name="test_set_slice_on_col" time="0.003" /><testcase classname="tests.test_dataarray" name="test_getattr_numpy" time="0.003" /><testcase classname="tests.test_dataarray" name="test_getattr_slice" time="0.004" /><testcase classname="tests.test_dataarray" name="test_setattr_slice" time="0.004" /><testcase classname="tests.test_dataarray" name="test_setitem_slice" time="0.003" /><testcase classname="tests.test_dataarray" name="test_setitem_slice_warn" time="0.004" /><testcase classname="tests.test_dataarray" name="test_loc_update_single" time="0.005" /><testcase classname="tests.test_dataarray" name="test_loc_update_slice" time="0.005" /><testcase classname="tests.test_dataarray" name="test_get_loc_slice" time="0.003" /><testcase classname="tests.test_dataarray" name="test_get_iloc_slice" time="0.004" /><testcase classname="tests.test_dataarray" name="test_set_get_loc_slice" time="0.003" /><testcase classname="tests.test_dataarray" name="test_set_loc" time="0.002" /><testcase classname="tests.test_dataarray" name="test_set_loc_slice" time="0.003" /><testcase classname="tests.test_dataarray" name="test_set_iloc" time="0.003" /><testcase classname="tests.test_dataarray" name="test_set_iloc_slice" time="0.003" /><testcase classname="tests.test_dataarray" name="test_set_at" time="0.002" /><testcase classname="tests.test_dataarray" name="test_set_iat" time="0.003" /><testcase classname="tests.test_dataarray" name="test_get_loc_plasma" time="0.003" /><testcase classname="tests.test_dataarray" name="test_get_loc_plasma_subset" time="0.004" /><testcase classname="tests.test_dataarray" name="test_set_loc_plasma_subset" time="0.003" /><testcase classname="tests.test_dataarray" name="test_get_loc_part" time="0.004" /><testcase classname="tests.test_dataarray" name="test_set_loc_part" time="0.006" /><testcase classname="tests.test_dataarray" name="test_loc_hash_version_x" time="0.003" /><testcase classname="tests.test_dataarray" name="test_loc_hash_version_array_x" time="0.003" /><testcase classname="tests.test_dataarray" name="test_store_load_hash_x" time="0.015" /><testcase classname="tests.test_dataframe" name="test_instance" time="0.001" /><testcase classname="tests.test_dataframe" name="test_dataframe_subclass" time="0.000" /><testcase classname="tests.test_dataframe" name="test_init_metadata" time="0.002" /><testcase classname="tests.test_dataframe" name="test_columns_extend_additional" time="0.004" /><testcase classname="tests.test_dataframe" name="test_index" time="0.001" /><testcase classname="tests.test_dataframe" name="test_reindex" time="0.004" /><testcase classname="tests.test_dataframe" name="test_required_columns" time="0.002" /><testcase classname="tests.test_dataframe" name="test_reset_metadata_attribute" time="0.001" /><testcase classname="tests.test_dataframe" name="test_data_init" time="0.004" /><testcase classname="tests.test_dataframe" name="test_data_init_required" time="0.002" /><testcase classname="tests.test_dataframe" name="test_data_init_additional" time="0.003" /><testcase classname="tests.test_dataframe" name="test_exclude_required_error" time="0.001" /><testcase classname="tests.test_dataframe" name="test_exclude" time="0.002" /><testcase classname="tests.test_dataframe" name="test_warn_new_attribute" time="0.005" /><testcase classname="tests.test_dataframe" name="test_pass_label" time="0.003" /><testcase classname="tests.test_dataframe" name="test_loc_hash_index" time="0.002" /><testcase classname="tests.test_dataframe" name="test_loc_hash_version_index" time="0.002" /><testcase classname="tests.test_dataframe" name="test_store_load" time="0.015" /><testcase classname="tests.test_dataframe" name="test_store_load_hash_index" time="0.016" /><testcase classname="tests.test_energize" name="test_in_energize" time="0.004" /><testcase classname="tests.test_energize" name="test_set_loc_nturn" time="0.010" /><testcase classname="tests.test_energize" name="test_set_item_Ic" time="0.012" /><testcase classname="tests.test_energize" name="test_set_item_It" time="0.010" /><testcase classname="tests.test_energize" name="test_set_item_nturn" time="0.009" /><testcase classname="tests.test_energize" name="test_set_attr_Ic" time="0.011" /><testcase classname="tests.test_energize" name="test_set_attr_It" time="0.012" /><testcase classname="tests.test_energize" name="test_set_attr_nturn" time="0.009" /><testcase classname="tests.test_ferritic" name="test_insert_box_subframe" time="0.194" /><testcase classname="tests.test_ferritic" name="test_insert_doublebox_subframe" time="0.179" /><testcase classname="tests.test_ferritic" name="test_insert_doublebox_frame_volume" time="0.176" /><testcase classname="tests.test_ferritic" name="test_insert_doublebox_frame_centroid" time="0.175" /><testcase classname="tests.test_ferritic" name="test_insert_frame" time="0.524" /><testcase classname="tests.test_ferritic" name="test_insert_frame_fromfile" time="0.647" /><testcase classname="tests.test_fieldnull" name="test_plasma_update" time="0.468" /><testcase classname="tests.test_fieldnull" name="test_Opoint_curvature_Ip_positive" time="1.587" /><testcase classname="tests.test_fieldnull" name="test_Opoint_curvature_Ip_negative" time="0.463" /><testcase classname="tests.test_fieldnull" name="test_multi_xpoint" time="0.479" /><testcase classname="tests.test_fieldnull" name="test_empty" time="0.473" /><testcase classname="tests.test_fieldnull" name="test_global_null_Ip_positive" time="0.548" /><testcase classname="tests.test_fieldnull" name="test_global_null_Ip_negative" time="0.662" /><testcase classname="tests.test_fieldnull" name="test_plasma_coil_parity" time="0.704" /><testcase classname="tests.test_finitebeam" name="test_simple" time="0.109" /><testcase classname="tests.test_finitebeam" name="test_simple_xy" time="0.501" /><testcase classname="tests.test_finitebeam" name="test_cantilever" time="0.092" /><testcase classname="tests.test_finitebeam" name="test_pin_fix" time="0.121" /><testcase classname="tests.test_finitebeam" name="test_cantilever_point_load" time="0.158" /><testcase classname="tests.test_finitebeam" name="test_end_moment" time="0.087" /><testcase classname="tests.test_finitebeam" name="test_cantilever_tapered_distributed_load" time="0.194" /><testcase classname="tests.test_finitebeam" name="test_pinned_tapered_distributed_load" time="0.108" /><testcase classname="tests.test_finitebeam" name="test_axial_tip_point_load" time="0.057" /><testcase classname="tests.test_finitebeam" name="test_vertical_hanging_beam" time="0.070" /><testcase classname="tests.test_finiteframe" name="test_couple" time="0.011" /><testcase classname="tests.test_finiteframe" name="test_rotational_couple" time="0.090" /><testcase classname="tests.test_finiteframe" name="test_catenary" time="0.147" /><testcase classname="tests.test_finiteframe" name="test_xy_plane_3D" time="0.082" /><testcase classname="tests.test_finiteframe" name="test_displacment_constraints" time="0.015" /><testcase classname="tests.test_firstwall" name="test_centroid_x" time="0.307" /><testcase classname="tests.test_firstwall" name="test_centroid_z" time="0.274" /><testcase classname="tests.test_firstwall" name="test_circle" time="0.190" /><testcase classname="tests.test_firstwall" name="test_plasma_turns" time="0.170" /><testcase classname="tests.test_firstwall" name="test_plasma_part" time="0.166" /><testcase classname="tests.test_firstwall" name="test_multiframe_area" time="0.544" /><testcase classname="tests.test_firstwall" name="test_multiframe_nturn" time="0.632" /><testcase classname="tests.test_firstwall" name="test_grid_no_plasma" time="0.168" /><testcase classname="tests.test_firstwall" name="test_plasmagrid_no_plasma" time="0.151" /><testcase classname="tests.test_framelink" name="test_instance" time="0.002" /><testcase classname="tests.test_framelink" name="test_data_It_Ic_unset_insert" time="0.008" /><testcase classname="tests.test_framelink" name="test_data_It_Ic_set_insert" time="0.008" /><testcase classname="tests.test_framelink" name="test_data_It_Ic_unset_dict" time="0.006" /><testcase classname="tests.test_framelink" name="test_data_It_Ic_set_dict" time="0.005" /><testcase classname="tests.test_framelink" name="test_frame_columns_multipoint" time="0.014" /><testcase classname="tests.test_framelink" name="test_drop_multipoint" time="0.042" /><testcase classname="tests.test_framelink" name="test_delim" time="0.006" /><testcase classname="tests.test_framelink" name="test_columns" time="0.008" /><testcase classname="tests.test_framelink" name="test_columns_metaframe_update" time="0.010" /><testcase classname="tests.test_framelink" name="test_index_length_error" time="0.002" /><testcase classname="tests.test_framelink" name="test_required_add_frame" time="0.006" /><testcase classname="tests.test_framelink" name="test_required_add_frame_error" time="0.002" /><testcase classname="tests.test_framelink" name="test_non_unique_index_error" time="0.002" /><testcase classname="tests.test_framelink" name="test_attribute_metadata_replace" time="0.010" /><testcase classname="tests.test_framelink" name="test_attribute_metadata_replace_error" time="0.002" /><testcase classname="tests.test_framelink" name="test_required_additional_metadata_clash" time="0.008" /><testcase classname="tests.test_framelink" name="test_frame_columns" time="0.006" /><testcase classname="tests.test_framelink" name="test_Ic_unset" time="0.008" /><testcase classname="tests.test_framelink" name="test_Ic_unset_Additional" time="0.009" /><testcase classname="tests.test_framelink" name="test_init_insert_label" time="0.005" /><testcase classname="tests.test_framelink" name="test_insert_insert_label_switch" time="0.018" /><testcase classname="tests.test_framelink" name="test_named_multi_insert" time="0.017" /><testcase classname="tests.test_framelink" name="test_named_insert_no_number" time="0.007" /><testcase classname="tests.test_framelink" name="test_named_insert_number_not_trailing" time="0.009" /><testcase classname="tests.test_framelink" name="test_labelled_insert_offset" time="0.011" /><testcase classname="tests.test_framelink" name="test_required_insert" time="0.008" /><testcase classname="tests.test_framelink" name="test_required_add_error" time="0.002" /><testcase classname="tests.test_framelink" name="test_frame_index" time="0.006" /><testcase classname="tests.test_framelink" name="test_frame_addition" time="0.017" /><testcase classname="tests.test_framelink" name="test_dataframe_addition" time="0.020" /><testcase classname="tests.test_framelink" name="test_dataframe_addition_insert_required" time="0.020" /><testcase classname="tests.test_framelink" name="test_dataframe_inplace_addition_insert_required" time="0.017" /><testcase classname="tests.test_framelink" name="test_frame_addition_required_error" time="0.004" /><testcase classname="tests.test_framelink" name="test_frame_insert_required" time="0.009" /><testcase classname="tests.test_frameset" name="test_space_setattr_error" time="0.102" /><testcase classname="tests.test_frameset" name="test_store_load" time="0.389" /><testcase classname="tests.test_framesetloc" name="test_get_subspace_error" time="0.148" /><testcase classname="tests.test_framesetloc" name="test_set_subspace_error" time="0.144" /><testcase classname="tests.test_framesetloc" name="test_get_key_error" time="0.158" /><testcase classname="tests.test_framesetloc" name="test_set_column_error" time="0.161" /><testcase classname="tests.test_framesetloc" name="test_get_current_subframe" time="0.148" /><testcase classname="tests.test_framesetloc" name="test_get_current_subspace" time="0.202" /><testcase classname="tests.test_framesetloc" name="test_get_current_subspace_array" time="0.178" /><testcase classname="tests.test_framesetloc" name="test_set_current_subframe" time="0.138" /><testcase classname="tests.test_framesetloc" name="test_set_current_subspace" time="0.157" /><testcase classname="tests.test_framesetloc" name="test_set_current_subspace_error" time="0.184" /><testcase classname="tests.test_framesetloc" name="test_set_current_subspace_array" time="0.153" /><testcase classname="tests.test_framesetloc" name="test_get_current_subset" time="0.410" /><testcase classname="tests.test_framesetloc" name="test_get_current_insert_default" time="0.503" /><testcase classname="tests.test_framesetloc" name="test_set_current_frame_error" time="0.148" /><testcase classname="tests.test_framesetloc" name="test_set_current_frame_subspace_error" time="0.145" /><testcase classname="tests.test_framesetloc" name="test_get_current_frame_keyerror" time="0.150" /><testcase classname="tests.test_framesetloc" name="test_get_current_subspace_keyerror" time="0.160" /><testcase classname="tests.test_framesetloc" name="test_set_frame_It_subspace_Ic" time="0.144" /><testcase classname="tests.test_framesetloc" name="test_subframe_plasma_index" time="0.295" /><testcase classname="tests.test_framespace" name="test_drop_subspace" time="0.094" /><testcase classname="tests.test_framespace" name="test_multipoint_factor" time="0.085" /><testcase classname="tests.test_framespace" name="test_multipoint_factor_Ic_It" time="0.079" /><testcase classname="tests.test_framespace" name="test_fix_aspect" time="0.034" /><testcase classname="tests.test_framespace" name="test_rectangular_cross_section" time="0.024" /><testcase classname="tests.test_framespace" name="test_skin_section_area" time="0.026" /><testcase classname="tests.test_framespace" name="test_loop_length" time="0.025" /><testcase classname="tests.test_framespace" name="test_loop_length_factor" time="0.025" /><testcase classname="tests.test_framespace" name="test_loop_length_abs" time="0.026" /><testcase classname="tests.test_imas" name="test_ids" time="0.001" /><testcase classname="tests.test_imas" name="test_IMASdb" time="0.017" /><testcase classname="tests.test_imas" name="test_database" time="0.015" /><testcase classname="tests.test_label" name="test_default" time="0.001" /><testcase classname="tests.test_label" name="test_preclude" time="0.000" /><testcase classname="tests.test_label" name="test_input_exclude_unique" time="0.000" /><testcase classname="tests.test_label" name="test_plasma" time="0.000" /><testcase classname="tests.test_label" name="test_required" time="0.001" /><testcase classname="tests.test_label" name="test_to_dict" time="0.001" /><testcase classname="tests.test_metaframe" name="test_init_metaframe" time="0.002" /><testcase classname="tests.test_metaframe" name="test_clear" time="0.001" /><testcase classname="tests.test_metaframe" name="test_type_error" time="0.001" /><testcase classname="tests.test_metaframe" name="test_replace_required" time="0.001" /><testcase classname="tests.test_metaframe" name="test_clear_required" time="0.001" /><testcase classname="tests.test_metaframe" name="test_extend_additional" time="0.001" /><testcase classname="tests.test_metaframe" name="test_metadata" time="0.001" /><testcase classname="tests.test_metaframe" name="test_required_number" time="0.001" /><testcase classname="tests.test_multipoint" name="test_generate_key_attribute_true" time="0.009" /><testcase classname="tests.test_multipoint" name="test_generate_single" time="0.008" /><testcase classname="tests.test_multipoint" name="test_generate_single_float" time="0.008" /><testcase classname="tests.test_multipoint" name="test_generate_multi" time="0.009" /><testcase classname="tests.test_multipoint" name="test_data_init_multipoint_true" time="0.008" /><testcase classname="tests.test_multipoint" name="test_insert_multipoint_default_false" time="0.017" /><testcase classname="tests.test_multipoint" name="test_insert_multipoint_default_true" time="0.017" /><testcase classname="tests.test_multipoint" name="test_insert_multipoint_default_float" time="0.019" /><testcase classname="tests.test_multipoint" name="test_default_multipoint_true" time="0.016" /><testcase classname="tests.test_multipoint" name="test_data_init_multipoint_false" time="0.007" /><testcase classname="tests.test_multipoint" name="test_drop" time="0.051" /><testcase classname="tests.test_multipoint" name="test_drop_indexer" time="0.027" /><testcase classname="tests.test_multipoint" name="test_frame_columns_multipoint" time="0.014" /><testcase classname="tests.test_multipoint" name="test_link_avalible" time="0.014" /><testcase classname="tests.test_plasma" name="test_polygon_separatrix_loop" time="0.806" /><testcase classname="tests.test_plasma" name="test_polygon_separatrix_polygon" time="0.247" /><testcase classname="tests.test_plasma" name="test_array_separatrix" time="0.764" /><testcase classname="tests.test_plasma" name="test_separatrix_nturn" time="0.378" /><testcase classname="tests.test_plasma" name="test_polarity" time="0.353" /><testcase classname="tests.test_plasma" name="test_coil_xpoint" time="0.395" /><testcase classname="tests.test_plasma" name="test_coil_cylinder_xpoint" time="0.459" /><testcase classname="tests.test_plasma" name="test_grid_xpoint_coil" time="0.493" /><testcase classname="tests.test_plasma" name="test_grid_xpoint" time="0.703" /><testcase classname="tests.test_plasma" name="test_plasmagrid_xpoint" time="1.499" /><testcase classname="tests.test_polygen" name="test_disc_area" time="0.001" /><testcase classname="tests.test_polygen" name="test_bound_square_area" time="0.001" /><testcase classname="tests.test_polygen" name="test_x_centroid" time="0.001" /><testcase classname="tests.test_polygen" name="test_y_centroid" time="0.001" /><testcase classname="tests.test_polygen" name="test_ellipse_area" time="0.001" /><testcase classname="tests.test_polygen" name="test_rectangle_area" time="0.001" /><testcase classname="tests.test_polygen" name="test_skin_area" time="0.001" /><testcase classname="tests.test_polygeom" name="test_bbox_length_thickness" time="0.002" /><testcase classname="tests.test_polygeom" name="test_dict_length_thickness" time="0.001" /><testcase classname="tests.test_polygeom" name="test_loop_length_thickness" time="0.001" /><testcase classname="tests.test_polygeom" name="test_section_name" time="0.003" /><testcase classname="tests.test_polygeom" name="test_rectangular_cross_section" time="0.002" /><testcase classname="tests.test_polygeom" name="test_free_aspect" time="0.001" /><testcase classname="tests.test_polygeom" name="test_circular_cross_section" time="0.001" /><testcase classname="tests.test_polygeom" name="test_ring_centroid" time="0.001" /><testcase classname="tests.test_polygeom" name="test_ring_delta" time="0.001" /><testcase classname="tests.test_polygeom" name="test_other_delta" time="0.001" /><testcase classname="tests.test_polygon" name="test_polygon_shapely" time="0.001" /><testcase classname="tests.test_polygon" name="test_polygon_dict" time="0.001" /><testcase classname="tests.test_polygon" name="test_polygon_square" time="0.001" /><testcase classname="tests.test_polygon" name="test_polygon_square_max_min" time="0.001" /><testcase classname="tests.test_polygon" name="test_polygon_disc" time="0.001" /><testcase classname="tests.test_polygon" name="test_polygon_disc_max_min" time="0.001" /><testcase classname="tests.test_polygon" name="test_polygon_multi_dict" time="0.001" /><testcase classname="tests.test_polygon" name="test_polygon_bbox" time="0.001" /><testcase classname="tests.test_polygon" name="test_polygon_eq" time="0.001" /><testcase classname="tests.test_polygon" name="test_polygon_eq_dual_source" time="0.001" /><testcase classname="tests.test_polygon" name="test_polygon_ne" time="0.001" /><testcase classname="tests.test_polygon" name="test_polygon_loop" time="0.001" /><testcase classname="tests.test_polygon" name="test_polygon_names" time="0.002" /><testcase classname="tests.test_polygon" name="test_invalid_cross_section" time="0.001" /><testcase classname="tests.test_polygon" name="test_skin_thickness_error" time="0.001" /><testcase classname="tests.test_polygon" name="test_rectangular_cross_section" time="0.001" /><testcase classname="tests.test_polygon" name="test_free_aspect" time="0.001" /><testcase classname="tests.test_polygrid" name="test_rectangle" time="0.011" /><testcase classname="tests.test_polygrid" name="test_square" time="0.005" /><testcase classname="tests.test_polygrid" name="test_limit" time="0.007" /><testcase classname="tests.test_polygrid" name="test_loop" time="0.007" /><testcase classname="tests.test_polygrid" name="test_loop_transpose" time="0.006" /><testcase classname="tests.test_polygrid" name="test_multipolygon" time="0.008" /><testcase classname="tests.test_polygrid" name="test_square_in_rectangle" time="0.005" /><testcase classname="tests.test_polygrid" name="test_disc_in_rectangle" time="0.004" /><testcase classname="tests.test_polygrid" name="test_rectangle_in_rectangle" time="0.006" /><testcase classname="tests.test_polygrid" name="test_hexagon_in_rectangle_horizontal_constraint" time="0.004" /><testcase classname="tests.test_polygrid" name="test_hexagon_in_rectangle_vertical_constraint" time="0.004" /><testcase classname="tests.test_polygrid" name="test_hexagon_in_disc" time="0.005" /><testcase classname="tests.test_polygrid" name="test_rectangle_grid_horizontal" time="0.010" /><testcase classname="tests.test_polygrid" name="test_rectangle_grid_vertical" time="0.012" /><testcase classname="tests.test_polygrid" name="test_disc_disc_grid_odd_under" time="0.012" /><testcase classname="tests.test_polygrid" name="test_disc_disc_grid_odd_over" time="0.015" /><testcase classname="tests.test_polygrid" name="test_disc_square_grid_odd_over" time="0.015" /><testcase classname="tests.test_polygrid" name="test_disc_rectangle_grid_odd_over" time="0.013" /><testcase classname="tests.test_polygrid" name="test_poly_buffer" time="0.018" /><testcase classname="tests.test_polygrid" name="test_square_effective_nfilament" time="0.032" /><testcase classname="tests.test_polygrid" name="test_square_effective_nfilament_tile" time="0.042" /><testcase classname="tests.test_polygrid" name="test_rectangle_effective_nfilament" time="0.025" /><testcase classname="tests.test_polygrid" name="test_rectangle_effective_nfilament_tile" time="0.039" /><testcase classname="tests.test_polygrid" name="test_disc_effective_nfilament" time="0.031" /><testcase classname="tests.test_polygrid" name="test_disc_effective_nfilament_tile" time="0.100" /><testcase classname="tests.test_polygrid" name="test_hexagon_effective_nfilament" time="0.034" /><testcase classname="tests.test_polygrid" name="test_hexagon_effective_nfilament_tile" time="0.099" /><testcase classname="tests.test_regression" name="test_svd_matrices" time="0.002" /><testcase classname="tests.test_regression" name="test_model_init" time="0.001" /><testcase classname="tests.test_regression" name="test_model_update" time="0.002" /><testcase classname="tests.test_regression" name="test_coordinate_update_error" time="0.001" /><testcase classname="tests.test_regression" name="test_model_init_index_error" time="0.001" /><testcase classname="tests.test_regression" name="test_model_update_index_error" time="0.001" /><testcase classname="tests.test_regression" name="test_data_init" time="0.001" /><testcase classname="tests.test_regression" name="test_data_update_index_error" time="0.001" /><testcase classname="tests.test_regression" name="test_no_model_attribute_error" time="0.001" /><testcase classname="tests.test_regression" name="test_no_data_attribute_error" time="0.001" /><testcase classname="tests.test_regression" name="test_forward_no_model_error" time="0.001" /><testcase classname="tests.test_regression" name="test_forward_no_data_error" time="0.001" /><testcase classname="tests.test_regression" name="test_forward[matrix_shape0]" time="0.001" /><testcase classname="tests.test_regression" name="test_forward[matrix_shape1]" time="0.001" /><testcase classname="tests.test_regression" name="test_forward[matrix_shape2]" time="0.001" /><testcase classname="tests.test_regression" name="test_inverse[matrix_shape0]" time="2.517" /><testcase classname="tests.test_regression" name="test_inverse[matrix_shape1]" time="0.001" /><testcase classname="tests.test_regression" name="test_inverse[matrix_shape2]" time="0.001" /><testcase classname="tests.test_regression" name="test_regression_dot[matrix_shape0]" time="0.001" /><testcase classname="tests.test_regression" name="test_regression_dot[matrix_shape1]" time="0.002" /><testcase classname="tests.test_regression" name="test_regression_dot[matrix_shape2]" time="0.001" /><testcase classname="tests.test_regression" name="test_regression_lops_dot[matrix_shape0]" time="0.001" /><testcase classname="tests.test_regression" name="test_regression_lops_dot[matrix_shape1]" time="0.001" /><testcase classname="tests.test_regression" name="test_regression_lops_dot[matrix_shape2]" time="0.001" /><testcase classname="tests.test_regression" name="test_regression_lops[matrix_shape0]" time="0.002" /><testcase classname="tests.test_regression" name="test_regression_lops[matrix_shape1]" time="0.002" /><testcase classname="tests.test_regression" name="test_regression_lops[matrix_shape2]" time="0.003" /><testcase classname="tests.test_regression" name="test_moore_penrose[matrix_shape0]" time="0.229" /><testcase classname="tests.test_regression" name="test_moore_penrose[matrix_shape1]" time="0.005" /><testcase classname="tests.test_regression" name="test_moore_penrose[matrix_shape2]" time="0.002" /><testcase classname="tests.test_select" name="test_plasma_subspace" time="0.108" /><testcase classname="tests.test_select" name="test_coil" time="0.026" /><testcase classname="tests.test_select" name="test_fix" time="0.024" /><testcase classname="tests.test_select" name="test_ferritic" time="0.023" /><testcase classname="tests.test_select" name="test_select_subspace" time="0.009" /><testcase classname="tests.test_select" name="test_generate_false" time="0.004" /><testcase classname="tests.test_select" name="test_generate_false_attrs" time="0.003" /><testcase classname="tests.test_shellgrid" name="test_circle_rdp_features" time="0.250" /><testcase classname="tests.test_shellgrid" name="test_circle_rdp_features_upscale" time="0.260" /><testcase classname="tests.test_shellgrid" name="test_min_ndiv" time="0.017" /><testcase classname="tests.test_shellgrid" name="test_negative_ndiv" time="0.029" /><testcase classname="tests.test_shellgrid" name="test_bump_sharp_corners" time="0.035" /><testcase classname="tests.test_shellgrid" name="test_frame_columns" time="0.062" /><testcase classname="tests.test_shellgrid" name="test_unequal_input_error" time="0.001" /><testcase classname="tests.test_shellgrid" name="test_zero_thickness_input_error" time="0.001" /><testcase classname="tests.test_shellgrid" name="test_negative_thickness_input_error" time="0.001" /><testcase classname="tests.test_shellgrid" name="test_thickness_max_space" time="0.028" /><testcase classname="tests.test_shellgrid" name="test_thickness_max_space_subsegment" time="0.022" /><testcase classname="tests.test_shellgrid" name="test_subsegment_length" time="0.036" /><testcase classname="tests.test_subspace" name="test_init" time="0.022" /><testcase classname="tests.test_subspace" name="test_len" time="0.047" /><testcase classname="tests.test_subspace" name="test_getattr" time="0.029" /><testcase classname="tests.test_subspace" name="test_getitem" time="0.036" /><testcase classname="tests.test_subspace" name="test_setattr" time="0.035" /><testcase classname="tests.test_subspace" name="test_setattr_error" time="0.020" /><testcase classname="tests.test_subspace" name="test_setattr_current" time="0.043" /><testcase classname="tests.test_subspace" name="test_setitem" time="0.037" /><testcase classname="tests.test_subspace" name="test_loc" time="0.042" /><testcase classname="tests.test_subspace" name="test_loc_slice" time="0.043" /><testcase classname="tests.test_subspace" name="test_loc_error" time="0.045" /><testcase classname="tests.test_subspace" name="test_iloc" time="0.041" /><testcase classname="tests.test_subspace" name="test_set_at" time="0.038" /><testcase classname="tests.test_subspace" name="test_set_iat" time="0.035" /><testcase classname="tests.test_subspace" name="test_get_at" time="0.040" /><testcase classname="tests.test_subspace" name="test_get_at_keyerror" time="0.036" /><testcase classname="tests.test_subspace" name="test_get_iat_indexerror" time="0.034" /><testcase classname="tests.test_subspace" name="test_get_frame" time="0.033" /><testcase classname="tests.test_subspace" name="test_setattr_value_error" time="0.020" /><testcase classname="tests.test_subspace" name="test_setitem_value_error" time="0.020" /><testcase classname="tests.test_subspace" name="test_subspace_lock" time="0.004" /><testcase classname="tests.test_subspace" name="test_subarray" time="0.034" /><testcase classname="tests.test_subspace" name="test_frame" time="0.035" /><testcase classname="tests.test_subspace" name="test_link_lock" time="0.005" /><testcase classname="tests.test_subspace" name="test_loc_space_access" time="0.035" /><testcase classname="tests.test_subspace" name="test_set_loc_subspace_lock_error" time="0.022" /><testcase classname="tests.test_subspace" name="test_set_iloc_subspace_lock_error" time="0.022" /><testcase classname="tests.test_subspace" name="test_set_loc_label_subspace_lock_error" time="0.021" /><testcase classname="tests.test_subspace" name="test_set_iloc_row_subspace_lock_error" time="0.023" /><testcase classname="tests.test_subspace" name="test_set_loc_subspace_column_error" time="0.022" /><testcase classname="tests.test_subspace" name="test_set_iat_not_in_subspace_index_error" time="0.022" /><testcase classname="tests.test_subspace" name="test_insert_negative_factor_Ic" time="0.043" /><testcase classname="tests.test_subspace" name="test_set_loc_subspace_Ic" time="0.023" /><testcase classname="tests.test_subspace" name="test_set_loc_subspace_Ic_It" time="0.030" /><testcase classname="tests.test_subspace" name="test_set_loc_It" time="0.019" /><testcase classname="tests.test_subspace" name="test_set_subspace_Ic_It_repr" time="0.034" /><testcase classname="tests.test_subspace" name="test_subspace_Ic" time="0.041" /><testcase classname="tests.test_subspace" name="test_subspace_intersect_columns" time="0.040" /><testcase classname="tests.test_subspace" name="test_set_It_array" time="0.040" /><testcase classname="tests.test_transform" name="test_clock_unwind" time="0.001" /><testcase classname="tests.test_transform" name="test_anticlock_unwind" time="0.001" /><testcase classname="tests.test_transform" name="test_double_clock" time="0.001" /><testcase classname="tests.test_transform" name="test_carteasian_cylindrical_carteasian" time="0.006" /><testcase classname="tests.test_volume" name="test_section_translate" time="0.003" /><testcase classname="tests.test_volume" name="test_section_rotate_triad" time="0.001" /><testcase classname="tests.test_volume" name="test_section_rotate_pi" time="0.001" /><testcase classname="tests.test_volume" name="test_section_rotate_rotate" time="0.001" /><testcase classname="tests.test_volume" name="test_cell_volume" time="0.002" /><testcase classname="tests.test_volume" name="test_cell_closed" time="0.003" /><testcase classname="tests.test_volume" name="test_cell_type" time="0.001" /><testcase classname="tests.test_volume" name="test_sweep" time="0.039" /><testcase classname="tests.test_vtk" name="test_add_single_volume_vtk" time="0.036" /><testcase classname="tests.test_vtk" name="test_add_single_area_vtk" time="0.037" /><testcase classname="tests.test_vtk" name="test_add_single_framearea_rotate_vtk" time="0.035" /><testcase classname="tests.test_vtk" name="test_add_single_polyarea_rotate_vtk" time="0.039" /><testcase classname="tests.test_vtk" name="test_save_load_vtk" time="0.100" /><testcase classname="tests.test_vtk" name="test_box_bounds" time="0.047" /><testcase classname="tests.test_vtk" name="test_poly_vtk" time="0.077" /><testcase classname="tests.test_vtk" name="test_vtk_poly" time="0.069" /><testcase classname="tests.test_vtk" name="test_vtk_skin" time="0.051" /></testsuite></testsuites>